// Jest Snapshot v1, https://goo.gl/fbAQLP

exports[`should take a snapshot 1`] = `
<DocumentFragment>
  <input
    class="bg-white focus:outline-none focus:shadow-outline border border-gray-300 py-2 px-4 block w-full appearance-none leading-normal"
    placeholder=""
    type="string"
  />
</DocumentFragment>
`;
