// Jest Snapshot v1, https://goo.gl/fbAQLP

exports[`should take a snapshot 1`] = `
<DocumentFragment>
  <div
    class="inline-block relative SelectContainer"
    id="tailui-dropdown"
  >
    <div
      class="border-gray-300 border p-2 flex items-center cursor-pointer rounded-md font-mono justify-between text-gray-400"
      role="presentation"
    >
      Select Event
      <img
        alt="Select Dropdown"
        class="h-4 ml-1"
        src=""
      />
    </div>
  </div>
</DocumentFragment>
`;
